c:\Users\kasus\Documents\GitHub\pausemygameW\MainWindow.xaml.cs(1778,72): warning CS8612: 鈥渆vent PropertyChangedEventHandler GameListItem.PropertyChanged鈥濈殑绫诲瀷涓紩鐢ㄧ被鍨嬬殑涓?Null 鎬т笌闅愬紡瀹炵幇鐨勬垚鍛樷€渆vent PropertyChangedEventHandler? INotifyPropertyChanged.PropertyChanged鈥濅笉鍖归厤銆?[c:\Users\kasus\Documents\GitHub\pausemygameW\WpfApp1.csproj]
c:\Users\kasus\Documents\GitHub\pausemygameW\ProcessSelectionWindow.xaml.cs(40,23): warning CS8618: 鍦ㄩ€€鍑烘瀯閫犲嚱鏁版椂锛屼笉鍙负 null 鐨?灞炴€?"Name" 蹇呴』鍖呭惈闈?null 鍊笺€傝鑰冭檻娣诲姞 "required" 淇グ绗︽垨灏嗚 灞炴€?澹版槑涓哄彲涓?null銆?[c:\Users\kasus\Documents\GitHub\pausemygameW\WpfApp1.csproj]
c:\Users\kasus\Documents\GitHub\pausemygameW\ProcessSelectionWindow.xaml.cs(41,23): warning CS8618: 鍦ㄩ€€鍑烘瀯閫犲嚱鏁版椂锛屼笉鍙负 null 鐨?灞炴€?"MemoryUsage" 蹇呴』鍖呭惈闈?null 鍊笺€傝鑰冭檻娣诲姞 "required" 淇グ绗︽垨灏嗚 灞炴€?澹版槑涓哄彲涓?null銆?[c:\Users\kasus\Documents\GitHub\pausemygameW\WpfApp1.csproj]
c:\Users\kasus\Documents\GitHub\pausemygameW\AddProgramWindow.xaml.cs(10,16): warning CS8618: 鍦ㄩ€€鍑烘瀯閫犲嚱鏁版椂锛屼笉鍙负 null 鐨?灞炴€?"EnteredExeName" 蹇呴』鍖呭惈闈?null 鍊笺€傝鑰冭檻娣诲姞 "required" 淇グ绗︽垨灏嗚 灞炴€?澹版槑涓哄彲涓?null銆?[c:\Users\kasus\Documents\GitHub\pausemygameW\WpfApp1.csproj]
c:\Users\kasus\Documents\GitHub\pausemygameW\MainWindow.xaml.cs(1742,23): warning CS8618: 鍦ㄩ€€鍑烘瀯閫犲嚱鏁版椂锛屼笉鍙负 null 鐨?灞炴€?"ExePath" 蹇呴』鍖呭惈闈?null 鍊笺€傝鑰冭檻娣诲姞 "required" 淇グ绗︽垨灏嗚 灞炴€?澹版槑涓哄彲涓?null銆?[c:\Users\kasus\Documents\GitHub\pausemygameW\WpfApp1.csproj]
c:\Users\kasus\Documents\GitHub\pausemygameW\MainWindow.xaml.cs(1743,23): warning CS8618: 鍦ㄩ€€鍑烘瀯閫犲嚱鏁版椂锛屼笉鍙负 null 鐨?灞炴€?"IconBase64" 蹇呴』鍖呭惈闈?null 鍊笺€傝鑰冭檻娣诲姞 "required" 淇グ绗︽垨灏嗚 灞炴€?澹版槑涓哄彲涓?null銆?[c:\Users\kasus\Documents\GitHub\pausemygameW\WpfApp1.csproj]
c:\Users\kasus\Documents\GitHub\pausemygameW\MainWindow.xaml.cs(1744,23): warning CS8618: 鍦ㄩ€€鍑烘瀯閫犲嚱鏁版椂锛屼笉鍙负 null 鐨?灞炴€?"DisplayName" 蹇呴』鍖呭惈闈?null 鍊笺€傝鑰冭檻娣诲姞 "required" 淇グ绗︽垨灏嗚 灞炴€?澹版槑涓哄彲涓?null銆?[c:\Users\kasus\Documents\GitHub\pausemygameW\WpfApp1.csproj]
c:\Users\kasus\Documents\GitHub\pausemygameW\ProcessSelectionWindow.xaml.cs(11,16): warning CS8618: 鍦ㄩ€€鍑烘瀯閫犲嚱鏁版椂锛屼笉鍙负 null 鐨?灞炴€?"SelectedProcessName" 蹇呴』鍖呭惈闈?null 鍊笺€傝鑰冭檻娣诲姞 "required" 淇グ绗︽垨灏嗚 灞炴€?澹版槑涓哄彲涓?null銆?[c:\Users\kasus\Documents\GitHub\pausemygameW\WpfApp1.csproj]
c:\Users\kasus\Documents\GitHub\pausemygameW\MainWindow.xaml.cs(76,38): warning CS8625: 鏃犳硶灏?null 瀛楅潰閲忚浆鎹负闈?null 鐨勫紩鐢ㄧ被鍨嬨€?[c:\Users\kasus\Documents\GitHub\pausemygameW\WpfApp1.csproj]
c:\Users\kasus\Documents\GitHub\pausemygameW\MainWindow.xaml.cs(81,16): warning CS8618: 鍦ㄩ€€鍑烘瀯閫犲嚱鏁版椂锛屼笉鍙负 null 鐨?瀛楁 "notifyIcon" 蹇呴』鍖呭惈闈?null 鍊笺€傝鑰冭檻娣诲姞 "required" 淇グ绗︽垨灏嗚 瀛楁 澹版槑涓哄彲涓?null銆?[c:\Users\kasus\Documents\GitHub\pausemygameW\WpfApp1.csproj]
c:\Users\kasus\Documents\GitHub\pausemygameW\MainWindow.xaml.cs(81,16): warning CS8618: 鍦ㄩ€€鍑烘瀯閫犲嚱鏁版椂锛屼笉鍙负 null 鐨?瀛楁 "statusTimer" 蹇呴』鍖呭惈闈?null 鍊笺€傝鑰冭檻娣诲姞 "required" 淇グ绗︽垨灏嗚 瀛楁 澹版槑涓哄彲涓?null銆?[c:\Users\kasus\Documents\GitHub\pausemygameW\WpfApp1.csproj]
c:\Users\kasus\Documents\GitHub\pausemygameW\MainWindow.xaml.cs(1749,24): warning CS8618: 鍦ㄩ€€鍑烘瀯閫犲嚱鏁版椂锛屼笉鍙负 null 鐨?瀛楁 "_exeName" 蹇呴』鍖呭惈闈?null 鍊笺€傝鑰冭檻娣诲姞 "required" 淇グ绗︽垨灏嗚 瀛楁 澹版槑涓哄彲涓?null銆?[c:\Users\kasus\Documents\GitHub\pausemygameW\WpfApp1.csproj]
c:\Users\kasus\Documents\GitHub\pausemygameW\MainWindow.xaml.cs(1750,24): warning CS8618: 鍦ㄩ€€鍑烘瀯閫犲嚱鏁版椂锛屼笉鍙负 null 鐨?瀛楁 "_displayName" 蹇呴』鍖呭惈闈?null 鍊笺€傝鑰冭檻娣诲姞 "required" 淇グ绗︽垨灏嗚 瀛楁 澹版槑涓哄彲涓?null銆?[c:\Users\kasus\Documents\GitHub\pausemygameW\WpfApp1.csproj]
c:\Users\kasus\Documents\GitHub\pausemygameW\MainWindow.xaml.cs(1751,30): warning CS8618: 鍦ㄩ€€鍑烘瀯閫犲嚱鏁版椂锛屼笉鍙负 null 鐨?瀛楁 "_icon" 蹇呴』鍖呭惈闈?null 鍊笺€傝鑰冭檻娣诲姞 "required" 淇グ绗︽垨灏嗚 瀛楁 澹版槑涓哄彲涓?null銆?[c:\Users\kasus\Documents\GitHub\pausemygameW\WpfApp1.csproj]
c:\Users\kasus\Documents\GitHub\pausemygameW\MainWindow.xaml.cs(1778,72): warning CS8618: 鍦ㄩ€€鍑烘瀯閫犲嚱鏁版椂锛屼笉鍙负 null 鐨?浜嬩欢 "PropertyChanged" 蹇呴』鍖呭惈闈?null 鍊笺€傝鑰冭檻娣诲姞 "required" 淇グ绗︽垨灏嗚 浜嬩欢 澹版槑涓哄彲涓?null銆?[c:\Users\kasus\Documents\GitHub\pausemygameW\WpfApp1.csproj]
c:\Users\kasus\Documents\GitHub\pausemygameW\HotkeyConfigWindow.xaml.cs(48,29): warning CS8600: 灏?null 鏂囨湰鎴栧彲鑳界殑 null 鍊艰浆鎹负涓嶅彲涓?null 绫诲瀷銆?[c:\Users\kasus\Documents\GitHub\pausemygameW\WpfApp1.csproj]
c:\Users\kasus\Documents\GitHub\pausemygameW\HotkeyConfigWindow.xaml.cs(49,33): warning CS8602: 瑙ｅ紩鐢ㄥ彲鑳藉嚭鐜扮┖寮曠敤銆?[c:\Users\kasus\Documents\GitHub\pausemygameW\WpfApp1.csproj]
c:\Users\kasus\Documents\GitHub\pausemygameW\HotkeyConfigWindow.xaml.cs(49,33): warning CS8600: 灏?null 鏂囨湰鎴栧彲鑳界殑 null 鍊艰浆鎹负涓嶅彲涓?null 绫诲瀷銆?[c:\Users\kasus\Documents\GitHub\pausemygameW\WpfApp1.csproj]
c:\Users\kasus\Documents\GitHub\pausemygameW\HotkeyConfigWindow.xaml.cs(56,25): warning CS8604: 鈥渟tring Dictionary<string, string>.this[string key]鈥濅腑鐨勫舰鍙傗€渒ey鈥濆彲鑳戒紶鍏?null 寮曠敤瀹炲弬銆?[c:\Users\kasus\Documents\GitHub\pausemygameW\WpfApp1.csproj]
c:\Users\kasus\Documents\GitHub\pausemygameW\MainWindow.xaml.cs(123,81): warning CS8602: 瑙ｅ紩鐢ㄥ彲鑳藉嚭鐜扮┖寮曠敤銆?[c:\Users\kasus\Documents\GitHub\pausemygameW\WpfApp1.csproj]
c:\Users\kasus\Documents\GitHub\pausemygameW\HotkeyConfigWindow.xaml.cs(63,34): warning CS8600: 灏?null 鏂囨湰鎴栧彲鑳界殑 null 鍊艰浆鎹负涓嶅彲涓?null 绫诲瀷銆?[c:\Users\kasus\Documents\GitHub\pausemygameW\WpfApp1.csproj]
c:\Users\kasus\Documents\GitHub\pausemygameW\HotkeyConfigWindow.xaml.cs(64,33): warning CS8602: 瑙ｅ紩鐢ㄥ彲鑳藉嚭鐜扮┖寮曠敤銆?[c:\Users\kasus\Documents\GitHub\pausemygameW\WpfApp1.csproj]
c:\Users\kasus\Documents\GitHub\pausemygameW\HotkeyConfigWindow.xaml.cs(64,33): warning CS8600: 灏?null 鏂囨湰鎴栧彲鑳界殑 null 鍊艰浆鎹负涓嶅彲涓?null 绫诲瀷銆?[c:\Users\kasus\Documents\GitHub\pausemygameW\WpfApp1.csproj]
c:\Users\kasus\Documents\GitHub\pausemygameW\HotkeyConfigWindow.xaml.cs(77,29): warning CS8604: 鈥渟tring Dictionary<string, string>.this[string key]鈥濅腑鐨勫舰鍙傗€渒ey鈥濆彲鑳戒紶鍏?null 寮曠敤瀹炲弬銆?[c:\Users\kasus\Documents\GitHub\pausemygameW\WpfApp1.csproj]
c:\Users\kasus\Documents\GitHub\pausemygameW\HotkeyConfigWindow.xaml.cs(118,25): warning CS8604: 鈥渟tring Dictionary<string, string>.this[string key]鈥濅腑鐨勫舰鍙傗€渒ey鈥濆彲鑳戒紶鍏?null 寮曠敤瀹炲弬銆?[c:\Users\kasus\Documents\GitHub\pausemygameW\WpfApp1.csproj]
c:\Users\kasus\Documents\GitHub\pausemygameW\MainWindow.xaml.cs(308,45): warning CS8601: 鍙兘鐨?null 寮曠敤璧嬪€笺€?[c:\Users\kasus\Documents\GitHub\pausemygameW\WpfApp1.csproj]
c:\Users\kasus\Documents\GitHub\pausemygameW\MainWindow.xaml.cs(379,28): warning CS8602: 瑙ｅ紩鐢ㄥ彲鑳藉嚭鐜扮┖寮曠敤銆?[c:\Users\kasus\Documents\GitHub\pausemygameW\WpfApp1.csproj]
c:\Users\kasus\Documents\GitHub\pausemygameW\MainWindow.xaml.cs(388,24): warning CS8603: 鍙兘杩斿洖 null 寮曠敤銆?[c:\Users\kasus\Documents\GitHub\pausemygameW\WpfApp1.csproj]
c:\Users\kasus\Documents\GitHub\pausemygameW\MainWindow.xaml.cs(398,24): warning CS8603: 鍙兘杩斿洖 null 寮曠敤銆?[c:\Users\kasus\Documents\GitHub\pausemygameW\WpfApp1.csproj]
c:\Users\kasus\Documents\GitHub\pausemygameW\MainWindow.xaml.cs(390,30): warning CS0168: 澹版槑浜嗗彉閲忊€渆x鈥濓紝浣嗕粠鏈娇鐢ㄨ繃 [c:\Users\kasus\Documents\GitHub\pausemygameW\WpfApp1.csproj]
c:\Users\kasus\Documents\GitHub\pausemygameW\MainWindow.xaml.cs(406,51): warning CS8600: 灏?null 鏂囨湰鎴栧彲鑳界殑 null 鍊艰浆鎹负涓嶅彲涓?null 绫诲瀷銆?[c:\Users\kasus\Documents\GitHub\pausemygameW\WpfApp1.csproj]
c:\Users\kasus\Documents\GitHub\pausemygameW\MainWindow.xaml.cs(416,24): warning CS8603: 鍙兘杩斿洖 null 寮曠敤銆?[c:\Users\kasus\Documents\GitHub\pausemygameW\WpfApp1.csproj]
c:\Users\kasus\Documents\GitHub\pausemygameW\MainWindow.xaml.cs(422,24): warning CS8603: 鍙兘杩斿洖 null 寮曠敤銆?[c:\Users\kasus\Documents\GitHub\pausemygameW\WpfApp1.csproj]
c:\Users\kasus\Documents\GitHub\pausemygameW\MainWindow.xaml.cs(418,30): warning CS0168: 澹版槑浜嗗彉閲忊€渆x鈥濓紝浣嗕粠鏈娇鐢ㄨ繃 [c:\Users\kasus\Documents\GitHub\pausemygameW\WpfApp1.csproj]
c:\Users\kasus\Documents\GitHub\pausemygameW\MainWindow.xaml.cs(483,24): warning CS8603: 鍙兘杩斿洖 null 寮曠敤銆?[c:\Users\kasus\Documents\GitHub\pausemygameW\WpfApp1.csproj]
c:\Users\kasus\Documents\GitHub\pausemygameW\MainWindow.xaml.cs(534,43): warning CS8600: 灏?null 鏂囨湰鎴栧彲鑳界殑 null 鍊艰浆鎹负涓嶅彲涓?null 绫诲瀷銆?[c:\Users\kasus\Documents\GitHub\pausemygameW\WpfApp1.csproj]
c:\Users\kasus\Documents\GitHub\pausemygameW\MainWindow.xaml.cs(612,30): warning CS0168: 澹版槑浜嗗彉閲忊€渆x鈥濓紝浣嗕粠鏈娇鐢ㄨ繃 [c:\Users\kasus\Documents\GitHub\pausemygameW\WpfApp1.csproj]
c:\Users\kasus\Documents\GitHub\pausemygameW\MainWindow.xaml.cs(638,20): warning CS8603: 鍙兘杩斿洖 null 寮曠敤銆?[c:\Users\kasus\Documents\GitHub\pausemygameW\WpfApp1.csproj]
c:\Users\kasus\Documents\GitHub\pausemygameW\MainWindow.xaml.cs(650,20): warning CS8603: 鍙兘杩斿洖 null 寮曠敤銆?[c:\Users\kasus\Documents\GitHub\pausemygameW\WpfApp1.csproj]
c:\Users\kasus\Documents\GitHub\pausemygameW\MainWindow.xaml.cs(744,27): warning CS8625: 鏃犳硶灏?null 瀛楅潰閲忚浆鎹负闈?null 鐨勫紩鐢ㄧ被鍨嬨€?[c:\Users\kasus\Documents\GitHub\pausemygameW\WpfApp1.csproj]
c:\Users\kasus\Documents\GitHub\pausemygameW\MainWindow.xaml.cs(686,62): error CS0104: 鈥淐olorConverter鈥濇槸鈥淪ystem.Drawing.ColorConverter鈥濆拰鈥淪ystem.Windows.Media.ColorConverter鈥濅箣闂寸殑涓嶆槑纭殑寮曠敤 [c:\Users\kasus\Documents\GitHub\pausemygameW\WpfApp1.csproj]
c:\Users\kasus\Documents\GitHub\pausemygameW\MainWindow.xaml.cs(698,66): error CS0104: 鈥淐olorConverter鈥濇槸鈥淪ystem.Drawing.ColorConverter鈥濆拰鈥淪ystem.Windows.Media.ColorConverter鈥濅箣闂寸殑涓嶆槑纭殑寮曠敤 [c:\Users\kasus\Documents\GitHub\pausemygameW\WpfApp1.csproj]
c:\Users\kasus\Documents\GitHub\pausemygameW\MainWindow.xaml.cs(699,34): error CS0104: 鈥淏rushes鈥濇槸鈥淪ystem.Drawing.Brushes鈥濆拰鈥淪ystem.Windows.Media.Brushes鈥濅箣闂寸殑涓嶆槑纭殑寮曠敤 [c:\Users\kasus\Documents\GitHub\pausemygameW\WpfApp1.csproj]
c:\Users\kasus\Documents\GitHub\pausemygameW\MainWindow.xaml.cs(706,57): error CS0104: 鈥淥rientation鈥濇槸鈥淪ystem.Windows.Controls.Orientation鈥濆拰鈥淪ystem.Windows.Forms.Orientation鈥濅箣闂寸殑涓嶆槑纭殑寮曠敤 [c:\Users\kasus\Documents\GitHub\pausemygameW\WpfApp1.csproj]
c:\Users\kasus\Documents\GitHub\pausemygameW\MainWindow.xaml.cs(706,103): error CS0176: 鏃犳硶浣跨敤瀹炰緥寮曠敤鏉ヨ闂垚鍛樷€淗orizontalAlignment.Right鈥濓紱璇锋敼鐢ㄧ被鍨嬪悕鏉ラ檺瀹氬畠 [c:\Users\kasus\Documents\GitHub\pausemygameW\WpfApp1.csproj]
c:\Users\kasus\Documents\GitHub\pausemygameW\MainWindow.xaml.cs(709,33): error CS0104: 鈥淏utton鈥濇槸鈥淪ystem.Windows.Controls.Button鈥濆拰鈥淪ystem.Windows.Forms.Button鈥濅箣闂寸殑涓嶆槑纭殑寮曠敤 [c:\Users\kasus\Documents\GitHub\pausemygameW\WpfApp1.csproj]
c:\Users\kasus\Documents\GitHub\pausemygameW\MainWindow.xaml.cs(709,161): error CS0104: 鈥淐olorConverter鈥濇槸鈥淪ystem.Drawing.ColorConverter鈥濆拰鈥淪ystem.Windows.Media.ColorConverter鈥濅箣闂寸殑涓嶆槑纭殑寮曠敤 [c:\Users\kasus\Documents\GitHub\pausemygameW\WpfApp1.csproj]
c:\Users\kasus\Documents\GitHub\pausemygameW\MainWindow.xaml.cs(709,220): error CS0104: 鈥淏rushes鈥濇槸鈥淪ystem.Drawing.Brushes鈥濆拰鈥淪ystem.Windows.Media.Brushes鈥濅箣闂寸殑涓嶆槑纭殑寮曠敤 [c:\Users\kasus\Documents\GitHub\pausemygameW\WpfApp1.csproj]
c:\Users\kasus\Documents\GitHub\pausemygameW\MainWindow.xaml.cs(713,37): error CS0104: 鈥淏utton鈥濇槸鈥淪ystem.Windows.Controls.Button鈥濆拰鈥淪ystem.Windows.Forms.Button鈥濅箣闂寸殑涓嶆槑纭殑寮曠敤 [c:\Users\kasus\Documents\GitHub\pausemygameW\WpfApp1.csproj]
c:\Users\kasus\Documents\GitHub\pausemygameW\MainWindow.xaml.cs(713,132): error CS0104: 鈥淐olorConverter鈥濇槸鈥淪ystem.Drawing.ColorConverter鈥濆拰鈥淪ystem.Windows.Media.ColorConverter鈥濅箣闂寸殑涓嶆槑纭殑寮曠敤 [c:\Users\kasus\Documents\GitHub\pausemygameW\WpfApp1.csproj]
c:\Users\kasus\Documents\GitHub\pausemygameW\MainWindow.xaml.cs(713,191): error CS0104: 鈥淏rushes鈥濇槸鈥淪ystem.Drawing.Brushes鈥濆拰鈥淪ystem.Windows.Media.Brushes鈥濅箣闂寸殑涓嶆槑纭殑寮曠敤 [c:\Users\kasus\Documents\GitHub\pausemygameW\WpfApp1.csproj]
c:\Users\kasus\Documents\GitHub\pausemygameW\MainWindow.xaml.cs(679,20): warning CS8618: 鍦ㄩ€€鍑烘瀯閫犲嚱鏁版椂锛屼笉鍙负 null 鐨?灞炴€?"EnteredName" 蹇呴』鍖呭惈闈?null 鍊笺€傝鑰冭檻娣诲姞 "required" 淇グ绗︽垨灏嗚 灞炴€?澹版槑涓哄彲涓?null銆?[c:\Users\kasus\Documents\GitHub\pausemygameW\WpfApp1.csproj]
c:\Users\kasus\Documents\GitHub\pausemygameW\MainWindow.xaml.cs(764,39): warning CS8600: 灏?null 鏂囨湰鎴栧彲鑳界殑 null 鍊艰浆鎹负涓嶅彲涓?null 绫诲瀷銆?[c:\Users\kasus\Documents\GitHub\pausemygameW\WpfApp1.csproj]
c:\Users\kasus\Documents\GitHub\pausemygameW\MainWindow.xaml.cs(780,31): warning CS8625: 鏃犳硶灏?null 瀛楅潰閲忚浆鎹负闈?null 鐨勫紩鐢ㄧ被鍨嬨€?[c:\Users\kasus\Documents\GitHub\pausemygameW\WpfApp1.csproj]
c:\Users\kasus\Documents\GitHub\pausemygameW\MainWindow.xaml.cs(787,31): warning CS8625: 鏃犳硶灏?null 瀛楅潰閲忚浆鎹负闈?null 鐨勫紩鐢ㄧ被鍨嬨€?[c:\Users\kasus\Documents\GitHub\pausemygameW\WpfApp1.csproj]
c:\Users\kasus\Documents\GitHub\pausemygameW\MainWindow.xaml.cs(794,31): warning CS8625: 鏃犳硶灏?null 瀛楅潰閲忚浆鎹负闈?null 鐨勫紩鐢ㄧ被鍨嬨€?[c:\Users\kasus\Documents\GitHub\pausemygameW\WpfApp1.csproj]
c:\Users\kasus\Documents\GitHub\pausemygameW\MainWindow.xaml.cs(798,37): warning CS8600: 灏?null 鏂囨湰鎴栧彲鑳界殑 null 鍊艰浆鎹负涓嶅彲涓?null 绫诲瀷銆?[c:\Users\kasus\Documents\GitHub\pausemygameW\WpfApp1.csproj]
c:\Users\kasus\Documents\GitHub\pausemygameW\MainWindow.xaml.cs(801,31): warning CS8625: 鏃犳硶灏?null 瀛楅潰閲忚浆鎹负闈?null 鐨勫紩鐢ㄧ被鍨嬨€?[c:\Users\kasus\Documents\GitHub\pausemygameW\WpfApp1.csproj]
c:\Users\kasus\Documents\GitHub\pausemygameW\MainWindow.xaml.cs(819,31): warning CS8625: 鏃犳硶灏?null 瀛楅潰閲忚浆鎹负闈?null 鐨勫紩鐢ㄧ被鍨嬨€?[c:\Users\kasus\Documents\GitHub\pausemygameW\WpfApp1.csproj]
c:\Users\kasus\Documents\GitHub\pausemygameW\MainWindow.xaml.cs(839,27): warning CS8625: 鏃犳硶灏?null 瀛楅潰閲忚浆鎹负闈?null 鐨勫紩鐢ㄧ被鍨嬨€?[c:\Users\kasus\Documents\GitHub\pausemygameW\WpfApp1.csproj]
c:\Users\kasus\Documents\GitHub\pausemygameW\MainWindow.xaml.cs(849,29): warning CS8602: 瑙ｅ紩鐢ㄥ彲鑳藉嚭鐜扮┖寮曠敤銆?[c:\Users\kasus\Documents\GitHub\pausemygameW\WpfApp1.csproj]
c:\Users\kasus\Documents\GitHub\pausemygameW\MainWindow.xaml.cs(853,20): warning CS8603: 鍙兘杩斿洖 null 寮曠敤銆?[c:\Users\kasus\Documents\GitHub\pausemygameW\WpfApp1.csproj]
c:\Users\kasus\Documents\GitHub\pausemygameW\MainWindow.xaml.cs(909,34): warning CS8600: 灏?null 鏂囨湰鎴栧彲鑳界殑 null 鍊艰浆鎹负涓嶅彲涓?null 绫诲瀷銆?[c:\Users\kasus\Documents\GitHub\pausemygameW\WpfApp1.csproj]
c:\Users\kasus\Documents\GitHub\pausemygameW\MainWindow.xaml.cs(912,48): warning CS8604: 鈥渧oid ProcessLogic.LaunchProcess(string exePath, string gameName)鈥濅腑鐨勫舰鍙傗€渆xePath鈥濆彲鑳戒紶鍏?null 寮曠敤瀹炲弬銆?[c:\Users\kasus\Documents\GitHub\pausemygameW\WpfApp1.csproj]
c:\Users\kasus\Documents\GitHub\pausemygameW\MainWindow.xaml.cs(1075,34): warning CS8600: 灏?null 鏂囨湰鎴栧彲鑳界殑 null 鍊艰浆鎹负涓嶅彲涓?null 绫诲瀷銆?[c:\Users\kasus\Documents\GitHub\pausemygameW\WpfApp1.csproj]
c:\Users\kasus\Documents\GitHub\pausemygameW\MainWindow.xaml.cs(1078,48): warning CS8604: 鈥渧oid ProcessLogic.LaunchProcess(string exePath, string gameName)鈥濅腑鐨勫舰鍙傗€渆xePath鈥濆彲鑳戒紶鍏?null 寮曠敤瀹炲弬銆?[c:\Users\kasus\Documents\GitHub\pausemygameW\WpfApp1.csproj]
c:\Users\kasus\Documents\GitHub\pausemygameW\MainWindow.xaml.cs(1330,45): warning CS8625: 鏃犳硶灏?null 瀛楅潰閲忚浆鎹负闈?null 鐨勫紩鐢ㄧ被鍨嬨€?[c:\Users\kasus\Documents\GitHub\pausemygameW\WpfApp1.csproj]
c:\Users\kasus\Documents\GitHub\pausemygameW\MainWindow.xaml.cs(1330,51): warning CS8625: 鏃犳硶灏?null 瀛楅潰閲忚浆鎹负闈?null 鐨勫紩鐢ㄧ被鍨嬨€?[c:\Users\kasus\Documents\GitHub\pausemygameW\WpfApp1.csproj]
c:\Users\kasus\Documents\GitHub\pausemygameW\MainWindow.xaml.cs(1341,46): warning CS8625: 鏃犳硶灏?null 瀛楅潰閲忚浆鎹负闈?null 鐨勫紩鐢ㄧ被鍨嬨€?[c:\Users\kasus\Documents\GitHub\pausemygameW\WpfApp1.csproj]
c:\Users\kasus\Documents\GitHub\pausemygameW\MainWindow.xaml.cs(1341,52): warning CS8625: 鏃犳硶灏?null 瀛楅潰閲忚浆鎹负闈?null 鐨勫紩鐢ㄧ被鍨嬨€?[c:\Users\kasus\Documents\GitHub\pausemygameW\WpfApp1.csproj]
c:\Users\kasus\Documents\GitHub\pausemygameW\MainWindow.xaml.cs(1352,47): warning CS8625: 鏃犳硶灏?null 瀛楅潰閲忚浆鎹负闈?null 鐨勫紩鐢ㄧ被鍨嬨€?[c:\Users\kasus\Documents\GitHub\pausemygameW\WpfApp1.csproj]
c:\Users\kasus\Documents\GitHub\pausemygameW\MainWindow.xaml.cs(1352,53): warning CS8625: 鏃犳硶灏?null 瀛楅潰閲忚浆鎹负闈?null 鐨勫紩鐢ㄧ被鍨嬨€?[c:\Users\kasus\Documents\GitHub\pausemygameW\WpfApp1.csproj]

鐢熸垚澶辫触銆?

c:\Users\kasus\Documents\GitHub\pausemygameW\MainWindow.xaml.cs(1778,72): warning CS8612: 鈥渆vent PropertyChangedEventHandler GameListItem.PropertyChanged鈥濈殑绫诲瀷涓紩鐢ㄧ被鍨嬬殑涓?Null 鎬т笌闅愬紡瀹炵幇鐨勬垚鍛樷€渆vent PropertyChangedEventHandler? INotifyPropertyChanged.PropertyChanged鈥濅笉鍖归厤銆?[c:\Users\kasus\Documents\GitHub\pausemygameW\WpfApp1.csproj]
c:\Users\kasus\Documents\GitHub\pausemygameW\ProcessSelectionWindow.xaml.cs(40,23): warning CS8618: 鍦ㄩ€€鍑烘瀯閫犲嚱鏁版椂锛屼笉鍙负 null 鐨?灞炴€?"Name" 蹇呴』鍖呭惈闈?null 鍊笺€傝鑰冭檻娣诲姞 "required" 淇グ绗︽垨灏嗚 灞炴€?澹版槑涓哄彲涓?null銆?[c:\Users\kasus\Documents\GitHub\pausemygameW\WpfApp1.csproj]
c:\Users\kasus\Documents\GitHub\pausemygameW\ProcessSelectionWindow.xaml.cs(41,23): warning CS8618: 鍦ㄩ€€鍑烘瀯閫犲嚱鏁版椂锛屼笉鍙负 null 鐨?灞炴€?"MemoryUsage" 蹇呴』鍖呭惈闈?null 鍊笺€傝鑰冭檻娣诲姞 "required" 淇グ绗︽垨灏嗚 灞炴€?澹版槑涓哄彲涓?null銆?[c:\Users\kasus\Documents\GitHub\pausemygameW\WpfApp1.csproj]
c:\Users\kasus\Documents\GitHub\pausemygameW\AddProgramWindow.xaml.cs(10,16): warning CS8618: 鍦ㄩ€€鍑烘瀯閫犲嚱鏁版椂锛屼笉鍙负 null 鐨?灞炴€?"EnteredExeName" 蹇呴』鍖呭惈闈?null 鍊笺€傝鑰冭檻娣诲姞 "required" 淇グ绗︽垨灏嗚 灞炴€?澹版槑涓哄彲涓?null銆?[c:\Users\kasus\Documents\GitHub\pausemygameW\WpfApp1.csproj]
c:\Users\kasus\Documents\GitHub\pausemygameW\MainWindow.xaml.cs(1742,23): warning CS8618: 鍦ㄩ€€鍑烘瀯閫犲嚱鏁版椂锛屼笉鍙负 null 鐨?灞炴€?"ExePath" 蹇呴』鍖呭惈闈?null 鍊笺€傝鑰冭檻娣诲姞 "required" 淇グ绗︽垨灏嗚 灞炴€?澹版槑涓哄彲涓?null銆?[c:\Users\kasus\Documents\GitHub\pausemygameW\WpfApp1.csproj]
c:\Users\kasus\Documents\GitHub\pausemygameW\MainWindow.xaml.cs(1743,23): warning CS8618: 鍦ㄩ€€鍑烘瀯閫犲嚱鏁版椂锛屼笉鍙负 null 鐨?灞炴€?"IconBase64" 蹇呴』鍖呭惈闈?null 鍊笺€傝鑰冭檻娣诲姞 "required" 淇グ绗︽垨灏嗚 灞炴€?澹版槑涓哄彲涓?null銆?[c:\Users\kasus\Documents\GitHub\pausemygameW\WpfApp1.csproj]
c:\Users\kasus\Documents\GitHub\pausemygameW\MainWindow.xaml.cs(1744,23): warning CS8618: 鍦ㄩ€€鍑烘瀯閫犲嚱鏁版椂锛屼笉鍙负 null 鐨?灞炴€?"DisplayName" 蹇呴』鍖呭惈闈?null 鍊笺€傝鑰冭檻娣诲姞 "required" 淇グ绗︽垨灏嗚 灞炴€?澹版槑涓哄彲涓?null銆?[c:\Users\kasus\Documents\GitHub\pausemygameW\WpfApp1.csproj]
c:\Users\kasus\Documents\GitHub\pausemygameW\ProcessSelectionWindow.xaml.cs(11,16): warning CS8618: 鍦ㄩ€€鍑烘瀯閫犲嚱鏁版椂锛屼笉鍙负 null 鐨?灞炴€?"SelectedProcessName" 蹇呴』鍖呭惈闈?null 鍊笺€傝鑰冭檻娣诲姞 "required" 淇グ绗︽垨灏嗚 灞炴€?澹版槑涓哄彲涓?null銆?[c:\Users\kasus\Documents\GitHub\pausemygameW\WpfApp1.csproj]
c:\Users\kasus\Documents\GitHub\pausemygameW\MainWindow.xaml.cs(76,38): warning CS8625: 鏃犳硶灏?null 瀛楅潰閲忚浆鎹负闈?null 鐨勫紩鐢ㄧ被鍨嬨€?[c:\Users\kasus\Documents\GitHub\pausemygameW\WpfApp1.csproj]
c:\Users\kasus\Documents\GitHub\pausemygameW\MainWindow.xaml.cs(81,16): warning CS8618: 鍦ㄩ€€鍑烘瀯閫犲嚱鏁版椂锛屼笉鍙负 null 鐨?瀛楁 "notifyIcon" 蹇呴』鍖呭惈闈?null 鍊笺€傝鑰冭檻娣诲姞 "required" 淇グ绗︽垨灏嗚 瀛楁 澹版槑涓哄彲涓?null銆?[c:\Users\kasus\Documents\GitHub\pausemygameW\WpfApp1.csproj]
c:\Users\kasus\Documents\GitHub\pausemygameW\MainWindow.xaml.cs(81,16): warning CS8618: 鍦ㄩ€€鍑烘瀯閫犲嚱鏁版椂锛屼笉鍙负 null 鐨?瀛楁 "statusTimer" 蹇呴』鍖呭惈闈?null 鍊笺€傝鑰冭檻娣诲姞 "required" 淇グ绗︽垨灏嗚 瀛楁 澹版槑涓哄彲涓?null銆?[c:\Users\kasus\Documents\GitHub\pausemygameW\WpfApp1.csproj]
c:\Users\kasus\Documents\GitHub\pausemygameW\MainWindow.xaml.cs(1749,24): warning CS8618: 鍦ㄩ€€鍑烘瀯閫犲嚱鏁版椂锛屼笉鍙负 null 鐨?瀛楁 "_exeName" 蹇呴』鍖呭惈闈?null 鍊笺€傝鑰冭檻娣诲姞 "required" 淇グ绗︽垨灏嗚 瀛楁 澹版槑涓哄彲涓?null銆?[c:\Users\kasus\Documents\GitHub\pausemygameW\WpfApp1.csproj]
c:\Users\kasus\Documents\GitHub\pausemygameW\MainWindow.xaml.cs(1750,24): warning CS8618: 鍦ㄩ€€鍑烘瀯閫犲嚱鏁版椂锛屼笉鍙负 null 鐨?瀛楁 "_displayName" 蹇呴』鍖呭惈闈?null 鍊笺€傝鑰冭檻娣诲姞 "required" 淇グ绗︽垨灏嗚 瀛楁 澹版槑涓哄彲涓?null銆?[c:\Users\kasus\Documents\GitHub\pausemygameW\WpfApp1.csproj]
c:\Users\kasus\Documents\GitHub\pausemygameW\MainWindow.xaml.cs(1751,30): warning CS8618: 鍦ㄩ€€鍑烘瀯閫犲嚱鏁版椂锛屼笉鍙负 null 鐨?瀛楁 "_icon" 蹇呴』鍖呭惈闈?null 鍊笺€傝鑰冭檻娣诲姞 "required" 淇グ绗︽垨灏嗚 瀛楁 澹版槑涓哄彲涓?null銆?[c:\Users\kasus\Documents\GitHub\pausemygameW\WpfApp1.csproj]
c:\Users\kasus\Documents\GitHub\pausemygameW\MainWindow.xaml.cs(1778,72): warning CS8618: 鍦ㄩ€€鍑烘瀯閫犲嚱鏁版椂锛屼笉鍙负 null 鐨?浜嬩欢 "PropertyChanged" 蹇呴』鍖呭惈闈?null 鍊笺€傝鑰冭檻娣诲姞 "required" 淇グ绗︽垨灏嗚 浜嬩欢 澹版槑涓哄彲涓?null銆?[c:\Users\kasus\Documents\GitHub\pausemygameW\WpfApp1.csproj]
c:\Users\kasus\Documents\GitHub\pausemygameW\HotkeyConfigWindow.xaml.cs(48,29): warning CS8600: 灏?null 鏂囨湰鎴栧彲鑳界殑 null 鍊艰浆鎹负涓嶅彲涓?null 绫诲瀷銆?[c:\Users\kasus\Documents\GitHub\pausemygameW\WpfApp1.csproj]
c:\Users\kasus\Documents\GitHub\pausemygameW\HotkeyConfigWindow.xaml.cs(49,33): warning CS8602: 瑙ｅ紩鐢ㄥ彲鑳藉嚭鐜扮┖寮曠敤銆?[c:\Users\kasus\Documents\GitHub\pausemygameW\WpfApp1.csproj]
c:\Users\kasus\Documents\GitHub\pausemygameW\HotkeyConfigWindow.xaml.cs(49,33): warning CS8600: 灏?null 鏂囨湰鎴栧彲鑳界殑 null 鍊艰浆鎹负涓嶅彲涓?null 绫诲瀷銆?[c:\Users\kasus\Documents\GitHub\pausemygameW\WpfApp1.csproj]
c:\Users\kasus\Documents\GitHub\pausemygameW\HotkeyConfigWindow.xaml.cs(56,25): warning CS8604: 鈥渟tring Dictionary<string, string>.this[string key]鈥濅腑鐨勫舰鍙傗€渒ey鈥濆彲鑳戒紶鍏?null 寮曠敤瀹炲弬銆?[c:\Users\kasus\Documents\GitHub\pausemygameW\WpfApp1.csproj]
c:\Users\kasus\Documents\GitHub\pausemygameW\MainWindow.xaml.cs(123,81): warning CS8602: 瑙ｅ紩鐢ㄥ彲鑳藉嚭鐜扮┖寮曠敤銆?[c:\Users\kasus\Documents\GitHub\pausemygameW\WpfApp1.csproj]
c:\Users\kasus\Documents\GitHub\pausemygameW\HotkeyConfigWindow.xaml.cs(63,34): warning CS8600: 灏?null 鏂囨湰鎴栧彲鑳界殑 null 鍊艰浆鎹负涓嶅彲涓?null 绫诲瀷銆?[c:\Users\kasus\Documents\GitHub\pausemygameW\WpfApp1.csproj]
c:\Users\kasus\Documents\GitHub\pausemygameW\HotkeyConfigWindow.xaml.cs(64,33): warning CS8602: 瑙ｅ紩鐢ㄥ彲鑳藉嚭鐜扮┖寮曠敤銆?[c:\Users\kasus\Documents\GitHub\pausemygameW\WpfApp1.csproj]
c:\Users\kasus\Documents\GitHub\pausemygameW\HotkeyConfigWindow.xaml.cs(64,33): warning CS8600: 灏?null 鏂囨湰鎴栧彲鑳界殑 null 鍊艰浆鎹负涓嶅彲涓?null 绫诲瀷銆?[c:\Users\kasus\Documents\GitHub\pausemygameW\WpfApp1.csproj]
c:\Users\kasus\Documents\GitHub\pausemygameW\HotkeyConfigWindow.xaml.cs(77,29): warning CS8604: 鈥渟tring Dictionary<string, string>.this[string key]鈥濅腑鐨勫舰鍙傗€渒ey鈥濆彲鑳戒紶鍏?null 寮曠敤瀹炲弬銆?[c:\Users\kasus\Documents\GitHub\pausemygameW\WpfApp1.csproj]
c:\Users\kasus\Documents\GitHub\pausemygameW\HotkeyConfigWindow.xaml.cs(118,25): warning CS8604: 鈥渟tring Dictionary<string, string>.this[string key]鈥濅腑鐨勫舰鍙傗€渒ey鈥濆彲鑳戒紶鍏?null 寮曠敤瀹炲弬銆?[c:\Users\kasus\Documents\GitHub\pausemygameW\WpfApp1.csproj]
c:\Users\kasus\Documents\GitHub\pausemygameW\MainWindow.xaml.cs(308,45): warning CS8601: 鍙兘鐨?null 寮曠敤璧嬪€笺€?[c:\Users\kasus\Documents\GitHub\pausemygameW\WpfApp1.csproj]
c:\Users\kasus\Documents\GitHub\pausemygameW\MainWindow.xaml.cs(379,28): warning CS8602: 瑙ｅ紩鐢ㄥ彲鑳藉嚭鐜扮┖寮曠敤銆?[c:\Users\kasus\Documents\GitHub\pausemygameW\WpfApp1.csproj]
c:\Users\kasus\Documents\GitHub\pausemygameW\MainWindow.xaml.cs(388,24): warning CS8603: 鍙兘杩斿洖 null 寮曠敤銆?[c:\Users\kasus\Documents\GitHub\pausemygameW\WpfApp1.csproj]
c:\Users\kasus\Documents\GitHub\pausemygameW\MainWindow.xaml.cs(398,24): warning CS8603: 鍙兘杩斿洖 null 寮曠敤銆?[c:\Users\kasus\Documents\GitHub\pausemygameW\WpfApp1.csproj]
c:\Users\kasus\Documents\GitHub\pausemygameW\MainWindow.xaml.cs(390,30): warning CS0168: 澹版槑浜嗗彉閲忊€渆x鈥濓紝浣嗕粠鏈娇鐢ㄨ繃 [c:\Users\kasus\Documents\GitHub\pausemygameW\WpfApp1.csproj]
c:\Users\kasus\Documents\GitHub\pausemygameW\MainWindow.xaml.cs(406,51): warning CS8600: 灏?null 鏂囨湰鎴栧彲鑳界殑 null 鍊艰浆鎹负涓嶅彲涓?null 绫诲瀷銆?[c:\Users\kasus\Documents\GitHub\pausemygameW\WpfApp1.csproj]
c:\Users\kasus\Documents\GitHub\pausemygameW\MainWindow.xaml.cs(416,24): warning CS8603: 鍙兘杩斿洖 null 寮曠敤銆?[c:\Users\kasus\Documents\GitHub\pausemygameW\WpfApp1.csproj]
c:\Users\kasus\Documents\GitHub\pausemygameW\MainWindow.xaml.cs(422,24): warning CS8603: 鍙兘杩斿洖 null 寮曠敤銆?[c:\Users\kasus\Documents\GitHub\pausemygameW\WpfApp1.csproj]
c:\Users\kasus\Documents\GitHub\pausemygameW\MainWindow.xaml.cs(418,30): warning CS0168: 澹版槑浜嗗彉閲忊€渆x鈥濓紝浣嗕粠鏈娇鐢ㄨ繃 [c:\Users\kasus\Documents\GitHub\pausemygameW\WpfApp1.csproj]
c:\Users\kasus\Documents\GitHub\pausemygameW\MainWindow.xaml.cs(483,24): warning CS8603: 鍙兘杩斿洖 null 寮曠敤銆?[c:\Users\kasus\Documents\GitHub\pausemygameW\WpfApp1.csproj]
c:\Users\kasus\Documents\GitHub\pausemygameW\MainWindow.xaml.cs(534,43): warning CS8600: 灏?null 鏂囨湰鎴栧彲鑳界殑 null 鍊艰浆鎹负涓嶅彲涓?null 绫诲瀷銆?[c:\Users\kasus\Documents\GitHub\pausemygameW\WpfApp1.csproj]
c:\Users\kasus\Documents\GitHub\pausemygameW\MainWindow.xaml.cs(612,30): warning CS0168: 澹版槑浜嗗彉閲忊€渆x鈥濓紝浣嗕粠鏈娇鐢ㄨ繃 [c:\Users\kasus\Documents\GitHub\pausemygameW\WpfApp1.csproj]
c:\Users\kasus\Documents\GitHub\pausemygameW\MainWindow.xaml.cs(638,20): warning CS8603: 鍙兘杩斿洖 null 寮曠敤銆?[c:\Users\kasus\Documents\GitHub\pausemygameW\WpfApp1.csproj]
c:\Users\kasus\Documents\GitHub\pausemygameW\MainWindow.xaml.cs(650,20): warning CS8603: 鍙兘杩斿洖 null 寮曠敤銆?[c:\Users\kasus\Documents\GitHub\pausemygameW\WpfApp1.csproj]
c:\Users\kasus\Documents\GitHub\pausemygameW\MainWindow.xaml.cs(744,27): warning CS8625: 鏃犳硶灏?null 瀛楅潰閲忚浆鎹负闈?null 鐨勫紩鐢ㄧ被鍨嬨€?[c:\Users\kasus\Documents\GitHub\pausemygameW\WpfApp1.csproj]
c:\Users\kasus\Documents\GitHub\pausemygameW\MainWindow.xaml.cs(679,20): warning CS8618: 鍦ㄩ€€鍑烘瀯閫犲嚱鏁版椂锛屼笉鍙负 null 鐨?灞炴€?"EnteredName" 蹇呴』鍖呭惈闈?null 鍊笺€傝鑰冭檻娣诲姞 "required" 淇グ绗︽垨灏嗚 灞炴€?澹版槑涓哄彲涓?null銆?[c:\Users\kasus\Documents\GitHub\pausemygameW\WpfApp1.csproj]
c:\Users\kasus\Documents\GitHub\pausemygameW\MainWindow.xaml.cs(764,39): warning CS8600: 灏?null 鏂囨湰鎴栧彲鑳界殑 null 鍊艰浆鎹负涓嶅彲涓?null 绫诲瀷銆?[c:\Users\kasus\Documents\GitHub\pausemygameW\WpfApp1.csproj]
c:\Users\kasus\Documents\GitHub\pausemygameW\MainWindow.xaml.cs(780,31): warning CS8625: 鏃犳硶灏?null 瀛楅潰閲忚浆鎹负闈?null 鐨勫紩鐢ㄧ被鍨嬨€?[c:\Users\kasus\Documents\GitHub\pausemygameW\WpfApp1.csproj]
c:\Users\kasus\Documents\GitHub\pausemygameW\MainWindow.xaml.cs(787,31): warning CS8625: 鏃犳硶灏?null 瀛楅潰閲忚浆鎹负闈?null 鐨勫紩鐢ㄧ被鍨嬨€?[c:\Users\kasus\Documents\GitHub\pausemygameW\WpfApp1.csproj]
c:\Users\kasus\Documents\GitHub\pausemygameW\MainWindow.xaml.cs(794,31): warning CS8625: 鏃犳硶灏?null 瀛楅潰閲忚浆鎹负闈?null 鐨勫紩鐢ㄧ被鍨嬨€?[c:\Users\kasus\Documents\GitHub\pausemygameW\WpfApp1.csproj]
c:\Users\kasus\Documents\GitHub\pausemygameW\MainWindow.xaml.cs(798,37): warning CS8600: 灏?null 鏂囨湰鎴栧彲鑳界殑 null 鍊艰浆鎹负涓嶅彲涓?null 绫诲瀷銆?[c:\Users\kasus\Documents\GitHub\pausemygameW\WpfApp1.csproj]
c:\Users\kasus\Documents\GitHub\pausemygameW\MainWindow.xaml.cs(801,31): warning CS8625: 鏃犳硶灏?null 瀛楅潰閲忚浆鎹负闈?null 鐨勫紩鐢ㄧ被鍨嬨€?[c:\Users\kasus\Documents\GitHub\pausemygameW\WpfApp1.csproj]
c:\Users\kasus\Documents\GitHub\pausemygameW\MainWindow.xaml.cs(819,31): warning CS8625: 鏃犳硶灏?null 瀛楅潰閲忚浆鎹负闈?null 鐨勫紩鐢ㄧ被鍨嬨€?[c:\Users\kasus\Documents\GitHub\pausemygameW\WpfApp1.csproj]
c:\Users\kasus\Documents\GitHub\pausemygameW\MainWindow.xaml.cs(839,27): warning CS8625: 鏃犳硶灏?null 瀛楅潰閲忚浆鎹负闈?null 鐨勫紩鐢ㄧ被鍨嬨€?[c:\Users\kasus\Documents\GitHub\pausemygameW\WpfApp1.csproj]
c:\Users\kasus\Documents\GitHub\pausemygameW\MainWindow.xaml.cs(849,29): warning CS8602: 瑙ｅ紩鐢ㄥ彲鑳藉嚭鐜扮┖寮曠敤銆?[c:\Users\kasus\Documents\GitHub\pausemygameW\WpfApp1.csproj]
c:\Users\kasus\Documents\GitHub\pausemygameW\MainWindow.xaml.cs(853,20): warning CS8603: 鍙兘杩斿洖 null 寮曠敤銆?[c:\Users\kasus\Documents\GitHub\pausemygameW\WpfApp1.csproj]
c:\Users\kasus\Documents\GitHub\pausemygameW\MainWindow.xaml.cs(909,34): warning CS8600: 灏?null 鏂囨湰鎴栧彲鑳界殑 null 鍊艰浆鎹负涓嶅彲涓?null 绫诲瀷銆?[c:\Users\kasus\Documents\GitHub\pausemygameW\WpfApp1.csproj]
c:\Users\kasus\Documents\GitHub\pausemygameW\MainWindow.xaml.cs(912,48): warning CS8604: 鈥渧oid ProcessLogic.LaunchProcess(string exePath, string gameName)鈥濅腑鐨勫舰鍙傗€渆xePath鈥濆彲鑳戒紶鍏?null 寮曠敤瀹炲弬銆?[c:\Users\kasus\Documents\GitHub\pausemygameW\WpfApp1.csproj]
c:\Users\kasus\Documents\GitHub\pausemygameW\MainWindow.xaml.cs(1075,34): warning CS8600: 灏?null 鏂囨湰鎴栧彲鑳界殑 null 鍊艰浆鎹负涓嶅彲涓?null 绫诲瀷銆?[c:\Users\kasus\Documents\GitHub\pausemygameW\WpfApp1.csproj]
c:\Users\kasus\Documents\GitHub\pausemygameW\MainWindow.xaml.cs(1078,48): warning CS8604: 鈥渧oid ProcessLogic.LaunchProcess(string exePath, string gameName)鈥濅腑鐨勫舰鍙傗€渆xePath鈥濆彲鑳戒紶鍏?null 寮曠敤瀹炲弬銆?[c:\Users\kasus\Documents\GitHub\pausemygameW\WpfApp1.csproj]
c:\Users\kasus\Documents\GitHub\pausemygameW\MainWindow.xaml.cs(1330,45): warning CS8625: 鏃犳硶灏?null 瀛楅潰閲忚浆鎹负闈?null 鐨勫紩鐢ㄧ被鍨嬨€?[c:\Users\kasus\Documents\GitHub\pausemygameW\WpfApp1.csproj]
c:\Users\kasus\Documents\GitHub\pausemygameW\MainWindow.xaml.cs(1330,51): warning CS8625: 鏃犳硶灏?null 瀛楅潰閲忚浆鎹负闈?null 鐨勫紩鐢ㄧ被鍨嬨€?[c:\Users\kasus\Documents\GitHub\pausemygameW\WpfApp1.csproj]
c:\Users\kasus\Documents\GitHub\pausemygameW\MainWindow.xaml.cs(1341,46): warning CS8625: 鏃犳硶灏?null 瀛楅潰閲忚浆鎹负闈?null 鐨勫紩鐢ㄧ被鍨嬨€?[c:\Users\kasus\Documents\GitHub\pausemygameW\WpfApp1.csproj]
c:\Users\kasus\Documents\GitHub\pausemygameW\MainWindow.xaml.cs(1341,52): warning CS8625: 鏃犳硶灏?null 瀛楅潰閲忚浆鎹负闈?null 鐨勫紩鐢ㄧ被鍨嬨€?[c:\Users\kasus\Documents\GitHub\pausemygameW\WpfApp1.csproj]
c:\Users\kasus\Documents\GitHub\pausemygameW\MainWindow.xaml.cs(1352,47): warning CS8625: 鏃犳硶灏?null 瀛楅潰閲忚浆鎹负闈?null 鐨勫紩鐢ㄧ被鍨嬨€?[c:\Users\kasus\Documents\GitHub\pausemygameW\WpfApp1.csproj]
c:\Users\kasus\Documents\GitHub\pausemygameW\MainWindow.xaml.cs(1352,53): warning CS8625: 鏃犳硶灏?null 瀛楅潰閲忚浆鎹负闈?null 鐨勫紩鐢ㄧ被鍨嬨€?[c:\Users\kasus\Documents\GitHub\pausemygameW\WpfApp1.csproj]
c:\Users\kasus\Documents\GitHub\pausemygameW\MainWindow.xaml.cs(686,62): error CS0104: 鈥淐olorConverter鈥濇槸鈥淪ystem.Drawing.ColorConverter鈥濆拰鈥淪ystem.Windows.Media.ColorConverter鈥濅箣闂寸殑涓嶆槑纭殑寮曠敤 [c:\Users\kasus\Documents\GitHub\pausemygameW\WpfApp1.csproj]
c:\Users\kasus\Documents\GitHub\pausemygameW\MainWindow.xaml.cs(698,66): error CS0104: 鈥淐olorConverter鈥濇槸鈥淪ystem.Drawing.ColorConverter鈥濆拰鈥淪ystem.Windows.Media.ColorConverter鈥濅箣闂寸殑涓嶆槑纭殑寮曠敤 [c:\Users\kasus\Documents\GitHub\pausemygameW\WpfApp1.csproj]
c:\Users\kasus\Documents\GitHub\pausemygameW\MainWindow.xaml.cs(699,34): error CS0104: 鈥淏rushes鈥濇槸鈥淪ystem.Drawing.Brushes鈥濆拰鈥淪ystem.Windows.Media.Brushes鈥濅箣闂寸殑涓嶆槑纭殑寮曠敤 [c:\Users\kasus\Documents\GitHub\pausemygameW\WpfApp1.csproj]
c:\Users\kasus\Documents\GitHub\pausemygameW\MainWindow.xaml.cs(706,57): error CS0104: 鈥淥rientation鈥濇槸鈥淪ystem.Windows.Controls.Orientation鈥濆拰鈥淪ystem.Windows.Forms.Orientation鈥濅箣闂寸殑涓嶆槑纭殑寮曠敤 [c:\Users\kasus\Documents\GitHub\pausemygameW\WpfApp1.csproj]
c:\Users\kasus\Documents\GitHub\pausemygameW\MainWindow.xaml.cs(706,103): error CS0176: 鏃犳硶浣跨敤瀹炰緥寮曠敤鏉ヨ闂垚鍛樷€淗orizontalAlignment.Right鈥濓紱璇锋敼鐢ㄧ被鍨嬪悕鏉ラ檺瀹氬畠 [c:\Users\kasus\Documents\GitHub\pausemygameW\WpfApp1.csproj]
c:\Users\kasus\Documents\GitHub\pausemygameW\MainWindow.xaml.cs(709,33): error CS0104: 鈥淏utton鈥濇槸鈥淪ystem.Windows.Controls.Button鈥濆拰鈥淪ystem.Windows.Forms.Button鈥濅箣闂寸殑涓嶆槑纭殑寮曠敤 [c:\Users\kasus\Documents\GitHub\pausemygameW\WpfApp1.csproj]
c:\Users\kasus\Documents\GitHub\pausemygameW\MainWindow.xaml.cs(709,161): error CS0104: 鈥淐olorConverter鈥濇槸鈥淪ystem.Drawing.ColorConverter鈥濆拰鈥淪ystem.Windows.Media.ColorConverter鈥濅箣闂寸殑涓嶆槑纭殑寮曠敤 [c:\Users\kasus\Documents\GitHub\pausemygameW\WpfApp1.csproj]
c:\Users\kasus\Documents\GitHub\pausemygameW\MainWindow.xaml.cs(709,220): error CS0104: 鈥淏rushes鈥濇槸鈥淪ystem.Drawing.Brushes鈥濆拰鈥淪ystem.Windows.Media.Brushes鈥濅箣闂寸殑涓嶆槑纭殑寮曠敤 [c:\Users\kasus\Documents\GitHub\pausemygameW\WpfApp1.csproj]
c:\Users\kasus\Documents\GitHub\pausemygameW\MainWindow.xaml.cs(713,37): error CS0104: 鈥淏utton鈥濇槸鈥淪ystem.Windows.Controls.Button鈥濆拰鈥淪ystem.Windows.Forms.Button鈥濅箣闂寸殑涓嶆槑纭殑寮曠敤 [c:\Users\kasus\Documents\GitHub\pausemygameW\WpfApp1.csproj]
c:\Users\kasus\Documents\GitHub\pausemygameW\MainWindow.xaml.cs(713,132): error CS0104: 鈥淐olorConverter鈥濇槸鈥淪ystem.Drawing.ColorConverter鈥濆拰鈥淪ystem.Windows.Media.ColorConverter鈥濅箣闂寸殑涓嶆槑纭殑寮曠敤 [c:\Users\kasus\Documents\GitHub\pausemygameW\WpfApp1.csproj]
c:\Users\kasus\Documents\GitHub\pausemygameW\MainWindow.xaml.cs(713,191): error CS0104: 鈥淏rushes鈥濇槸鈥淪ystem.Drawing.Brushes鈥濆拰鈥淪ystem.Windows.Media.Brushes鈥濅箣闂寸殑涓嶆槑纭殑寮曠敤 [c:\Users\kasus\Documents\GitHub\pausemygameW\WpfApp1.csproj]
    61 涓鍛?
    11 涓敊璇?

宸茬敤鏃堕棿 00:00:01.02
